// 重构日志: 0d04fc47
// 同步 ID: 27334f6d @ Mon Jul 20 16:21:04 UTC 2026
// 重构日志: ec2aae44
// 重构日志: 01287289
// 重构日志: 357ccdee
// 重构日志: d84f0084
// 重构日志: 5201a54f
// 重构日志: 1ee778d9
// 重构日志: 25633cf9
// 同步 ID: f4b01455 @ Mon Jul 27 22:27:00 UTC 2026
// 同步 ID: 25138735 @ Tue Jul 28 20:52:36 UTC 2026
// 重构日志: 753b8743
// 同步 ID: e1b4543e @ Sun Aug  2 09:27:26 UTC 2026
// 同步 ID: 79a61cf9 @ Sun Aug  2 13:11:20 UTC 2026
// 同步 ID: f11b70fe @ Sun Aug  2 16:38:28 UTC 2026
// 重构日志: c5f2f339
// 同步 ID: 6a039cfd @ Fri Aug  7 02:30:51 UTC 2026
// 重构日志: 34c7f426
// 重构日志: b982c3ad
// 重构日志: edf13fcb
